// Jest Snapshot v1, https://goo.gl/fbAQLP

exports[`ValidatedForm renders without errors 1`] = `
<form
  noValidate={true}
  onSubmit={[Function]}
>
  <div
    className="form-group required"
  >
    <label
      htmlFor="test"
    >
      test
       
    </label>
    <input
      className="form-control"
      label="test"
      name="test"
      onBlur={[Function]}
      onChange={[Function]}
      placeholder="test"
      required={true}
      type="text"
    />
    <div
      className="invalid-feedback"
    />
  </div>
</form>
`;
